
> frontend@0.0.0 build
> npm run sitemap && vite build


> frontend@0.0.0 sitemap
> node scripts/generate-sitemap.js

­ƒÜÇ [SEO] Sitemap generated successfully in public/sitemap.xml
[36mvite v8.0.2 [32mbuilding client environment for production...[36m[39m
[2K
transforming...Ô£ô 2434 modules transformed.
npm : [31mÔ£ù[39m Build failed in 2.16s
En línea: 1 Carácter: 1
+ npm run build > build_output.txt 2>&1
+ ~~~~~~~~~~~~~~~~~~~~~~~~~~~~~~~~~~~~~
    + CategoryInfo          : NotSpecified: ([31mÔ£ù[39m Build failed in 2.16s:String) [], RemoteException
    + FullyQualifiedErrorId : NativeCommandError
 
[31merror during build:
[31mBuild failed with 1 error:

[plugin vite:vue] C:/Users/romai/Documents/GitHub/Reppy/frontend/src/components/BlogView.vue:55:7
RolldownError: Element is missing end tag.
SyntaxError: Element is missing end tag.
    at createCompilerError 
(C:\Users\romai\Documents\GitHub\Reppy\frontend\node_modules\@vue\compiler-core\dist\compiler-core.cjs.prod.js:1374:17)
    at emitError 
(C:\Users\romai\Documents\GitHub\Reppy\frontend\node_modules\@vue\compiler-core\dist\compiler-core.cjs.prod.js:2980:5)
    at Object.onclosetag 
(C:\Users\romai\Documents\GitHub\Reppy\frontend\node_modules\@vue\compiler-core\dist\compiler-core.cjs.prod.js:2377:13)
    at Tokenizer.stateInClosingTagName 
(C:\Users\romai\Documents\GitHub\Reppy\frontend\node_modules\@vue\compiler-core\dist\compiler-core.cjs.prod.js:799:16)
    at Tokenizer.parse 
(C:\Users\romai\Documents\GitHub\Reppy\frontend\node_modules\@vue\compiler-core\dist\compiler-core.cjs.prod.js:1157:16)
    at Object.baseParse 
(C:\Users\romai\Documents\GitHub\Reppy\frontend\node_modules\@vue\compiler-core\dist\compiler-core.cjs.prod.js:3012:13)
    at Object.parse 
(C:\Users\romai\Documents\GitHub\Reppy\frontend\node_modules\@vue\compiler-dom\dist\compiler-dom.cjs.prod.js:665:23)
    at Object.parse$1 [as parse] 
(C:\Users\romai\Documents\GitHub\Reppy\frontend\node_modules\@vue\compiler-sfc\dist\compiler-sfc.cjs.js:1824:24)
    at createDescriptor 
(file:///C:/Users/romai/Documents/GitHub/Reppy/frontend/node_modules/@vitejs/plugin-vue/dist/index.mjs:54:42)
    at transformMain 
(file:///C:/Users/romai/Documents/GitHub/Reppy/frontend/node_modules/@vitejs/plugin-vue/dist/index.mjs:1319:33)[31m
    at aggregateBindingErrorsIntoJsError 
(file:///C:/Users/romai/Documents/GitHub/Reppy/frontend/node_modules/rolldown/dist/shared/error-D8cGyrC7.mjs:48:18)
    at unwrapBindingResult 
(file:///C:/Users/romai/Documents/GitHub/Reppy/frontend/node_modules/rolldown/dist/shared/error-D8cGyrC7.mjs:18:128)
    at #build (file:///C:/Users/romai/Documents/GitHub/Reppy/frontend/node_modules/rolldown/dist/shared/rolldown-build-
CL9PyQ2E.mjs:3313:34)
    at async buildEnvironment 
(file:///C:/Users/romai/Documents/GitHub/Reppy/frontend/node_modules/vite/dist/node/chunks/node.js:32829:64)
    at async Object.build 
(file:///C:/Users/romai/Documents/GitHub/Reppy/frontend/node_modules/vite/dist/node/chunks/node.js:33251:19)
    at async Object.buildApp 
(file:///C:/Users/romai/Documents/GitHub/Reppy/frontend/node_modules/vite/dist/node/chunks/node.js:33248:153)
    at async CAC.<anonymous> 
(file:///C:/Users/romai/Documents/GitHub/Reppy/frontend/node_modules/vite/dist/node/cli.js:778:3) {
  errors: [Getter/Setter]
}[39m
